<html>
<body>
<pre>
<h1>µVision Build Log</h1>
<h2>Tool Versions:</h2>
IDE-Version: ¦ÌVision V5.39.0.0
Copyright (C) 2023 ARM Ltd and ARM Germany GmbH. All rights reserved.
License Information: Yiyi Xie, 112E, LIC=RC93N-YA4J3-EVF1R-KPCQ7-TZ5P1-5RWP5
 
Tool Versions:
Toolchain:       MDK-ARM Plus  Version: 5.39.0.0
Toolchain Path:  E:\xieyiyi\gz\stm32\keil\ARM\ARMCC\Bin
C Compiler:      Armcc.exe V5.06 update 6 (build 750)
Assembler:       Armasm.exe V5.06 update 6 (build 750)
Linker/Locator:  ArmLink.exe V5.06 update 6 (build 750)
Library Manager: ArmAr.exe V5.06 update 6 (build 750)
Hex Converter:   FromElf.exe V5.06 update 6 (build 750)
CPU DLL:         SARMCM3.DLL V5.39.0.0
Dialog DLL:      DCM.DLL V1.17.5.0
Target DLL:      CMSIS_AGDI.dll V1.33.16.0
Dialog DLL:      TCM.DLL V1.56.4.0
 
<h2>Project:</h2>
E:\xieyiyi\gz\stm32\STM32-WATCH-main\11\free\project.uvprojx
Project File Date:  07/22/2026

<h2>Output:</h2>
*** Using Compiler 'V5.06 update 6 (build 750)', folder: 'E:\xieyiyi\gz\stm32\keil\ARM\ARMCC\Bin'
Rebuild target 'Target 1'
assembling startup_stm32f10x_md.s...
compiling stm32f10x_dac.c...
compiling stm32f10x_dbgmcu.c...
compiling stm32f10x_can.c...
compiling stm32f10x_bkp.c...
compiling stm32f10x_cec.c...
compiling stm32f10x_adc.c...
compiling stm32f10x_crc.c...
compiling misc.c...
compiling core_cm3.c...
compiling system_stm32f10x.c...
compiling stm32f10x_dma.c...
compiling stm32f10x_exti.c...
compiling stm32f10x_gpio.c...
compiling stm32f10x_iwdg.c...
compiling stm32f10x_flash.c...
compiling stm32f10x_fsmc.c...
compiling stm32f10x_pwr.c...
compiling stm32f10x_rcc.c...
compiling stm32f10x_i2c.c...
compiling stm32f10x_spi.c...
compiling stm32f10x_sdio.c...
compiling stm32f10x_usart.c...
compiling stm32f10x_rtc.c...
compiling stm32f10x_tim.c...
compiling stm32f10x_wwdg.c...
compiling Timer.c...
System\Timer.c(48): warning:  #1-D: last line of file ends without a newline
  // }
System\Timer.c: 1 warning, 0 errors
compiling Delay.c...
compiling LED.c...
compiling KEY.c...
hardware\KEY.c(86): warning:  #1-D: last line of file ends without a newline
  }
hardware\KEY.c: 1 warning, 0 errors
compiling MyRTC.c...
compiling MPU6050.c...
hardware\MyI2C.h(19): warning:  #1-D: last line of file ends without a newline
  #endif
hardware\MPU6050.c(91): warning:  #1-D: last line of file ends without a newline
  }
hardware\MPU6050.c: 2 warnings, 0 errors
compiling MyI2C.c...
hardware\MyI2C.c(98): warning:  #1-D: last line of file ends without a newline
  }
hardware\MyI2C.c: 1 warning, 0 errors
compiling OLED_Data.c...
compiling menu.c...
hardware\MyRTC.h(9): warning:  #1-D: last line of file ends without a newline
  #endif // !__MYRTC_H
hardware\SetTime.h(11): warning:  #1-D: last line of file ends without a newline
  #endif
hardware\menu.h(20): warning:  #1-D: last line of file ends without a newline
  #endif
hardware\MPU6050.h(13): warning:  #1-D: last line of file ends without a newline
  #endif // !__MPU6050_H
hardware\menu.c(884): warning:  #1-D: last line of file ends without a newline
  //*-----------------------------µÍ¹¦ºÄ-------------------------------*/
hardware\menu.c: 5 warnings, 0 errors
compiling SetTime.c...
hardware\MyRTC.h(9): warning:  #1-D: last line of file ends without a newline
  #endif // !__MYRTC_H
hardware\SetTime.c(279): warning:  #1-D: last line of file ends without a newline
  }
hardware\SetTime.c: 2 warnings, 0 errors
compiling dino.c...
hardware\dino.c(201): warning:  #1-D: last line of file ends without a newline
  }
hardware\dino.c: 1 warning, 0 errors
compiling OLED.c...
compiling Power.c...
.\System\Timer.h(13): warning:  #1-D: last line of file ends without a newline
  #endif
hardware\MPU6050.h(13): warning:  #1-D: last line of file ends without a newline
  #endif // !__MPU6050_H
hardware\Power.c: 2 warnings, 0 errors
compiling Alarm.c...
hardware\MyRTC.h(9): warning:  #1-D: last line of file ends without a newline
  #endif // !__MYRTC_H
hardware\Alarm.c: 1 warning, 0 errors
compiling AD.c...
hardware\AD.c(55): warning:  #1-D: last line of file ends without a newline
   
hardware\AD.c: 1 warning, 0 errors
compiling main.c...
user\main.c(56): warning:  #1-D: last line of file ends without a newline
  }
user\main.c: 1 warning, 0 errors
compiling stm32f10x_it.c...
compiling event_groups.c...
compiling list.c...
compiling queue.c...
compiling heap_4.c...
compiling tasks.c...
compiling timers.c...
compiling port.c...
linking...
Program Size: Code=4900 RO-data=268 RW-data=128 ZI-data=14120  
After Build - User command #1: fromelf --bin --output .\Objects\APP.bin .\Objects\project.axf
".\Objects\project.axf" - 0 Error(s), 18 Warning(s).

<h2>Software Packages used:</h2>

Package Vendor: Keil
                https://www.keil.com/pack/Keil.STM32F1xx_DFP.2.4.1.pack
                Keil::STM32F1xx_DFP@2.4.1
                STMicroelectronics STM32F1 Series Device Support, Drivers and Examples

<h2>Collection of Component include folders:</h2>
  E:/xieyiyi/gz/stm32/keil/packet/Keil/STM32F1xx_DFP/2.4.1/Device/Include

<h2>Collection of Component Files used:</h2>
Build Time Elapsed:  00:00:08
</pre>
</body>
</html>
